src/components/dashboard/ProductivityChart.tsx(30,3): error TS2339: Property 'payload' does not exist on type 'TooltipProps<number, string>'.
src/components/dashboard/ProductivityChart.tsx(31,3): error TS2339: Property 'label' does not exist on type 'TooltipProps<number, string>'.
src/components/dashboard/TaskForm.tsx(116,5): error TS2719: Type 'import("D:/TaskForge/client/node_modules/react-hook-form/dist/types/resolvers").Resolver<{ title: string; priority: "Completed" | "Urgent" | "High" | "Medium" | "Low"; description?: string | undefined; assignee?: { name: string; initials: string; image?: string | undefined; } | null | undefined; dueDate?: string | u...' is not assignable to type 'import("D:/TaskForge/client/node_modules/react-hook-form/dist/types/resolvers").Resolver<{ title: string; priority: "Completed" | "Urgent" | "High" | "Medium" | "Low"; description?: string | undefined; assignee?: { name: string; initials: string; image?: string | undefined; } | null | undefined; dueDate?: string | u...'. Two different types with this name exist, but they are unrelated.
  Types of parameters 'options' and 'options' are incompatible.
    Type 'import("D:/TaskForge/client/node_modules/react-hook-form/dist/types/resolvers").ResolverOptions<{ title: string; priority: "Completed" | "Urgent" | "High" | "Medium" | "Low"; description?: string | undefined; assignee?: { name: string; initials: string; image?: string | undefined; } | null | undefined; dueDate?: str...' is not assignable to type 'import("D:/TaskForge/client/node_modules/react-hook-form/dist/types/resolvers").ResolverOptions<{ title: string; priority: "Completed" | "Urgent" | "High" | "Medium" | "Low"; description?: string | undefined; assignee?: { name: string; initials: string; image?: string | undefined; } | null | undefined; dueDate?: str...'. Two different types with this name exist, but they are unrelated.
      Type '{ title: string; completed?: boolean | undefined; }[] | undefined' is not assignable to type '{ title: string; completed: boolean; }[] | undefined'.
        Type '{ title: string; completed?: boolean | undefined; }[]' is not assignable to type '{ title: string; completed: boolean; }[]'.
          Type '{ title: string; completed?: boolean | undefined; }' is not assignable to type '{ title: string; completed: boolean; }'.
            Types of property 'completed' are incompatible.
              Type 'boolean | undefined' is not assignable to type 'boolean'.
                Type 'undefined' is not assignable to type 'boolean'.
src/components/dashboard/TaskForm.tsx(149,37): error TS2345: Argument of type '(values: TaskFormValues) => Promise<void>' is not assignable to parameter of type 'SubmitHandler<TFieldValues>'.
  Types of parameters 'values' and 'data' are incompatible.
    Type 'TFieldValues' is not assignable to type '{ title: string; priority: "Completed" | "Urgent" | "High" | "Medium" | "Low"; description?: string | undefined; assignee?: { name: string; initials: string; image?: string | undefined; } | null | undefined; dueDate?: string | undefined; estimate?: string | undefined; tags?: string[] | undefined; objectives?: { ...;...'.
      Type 'FieldValues' is missing the following properties from type '{ title: string; priority: "Completed" | "Urgent" | "High" | "Medium" | "Low"; description?: string | undefined; assignee?: { name: string; initials: string; image?: string | undefined; } | null | undefined; dueDate?: string | undefined; estimate?: string | undefined; tags?: string[] | undefined; objectives?: { ...;...': title, priority
src/components/dashboard/TaskForm.tsx(176,19): error TS2719: Type 'import("D:/TaskForge/client/node_modules/react-hook-form/dist/types/form").Control<{ title: string; priority: "Completed" | "Urgent" | "High" | "Medium" | "Low"; description?: string | undefined; assignee?: { name: string; initials: string; image?: string | undefined; } | null | undefined; dueDate?: string | undefin...' is not assignable to type 'import("D:/TaskForge/client/node_modules/react-hook-form/dist/types/form").Control<{ title: string; priority: "Completed" | "Urgent" | "High" | "Medium" | "Low"; description?: string | undefined; assignee?: { name: string; initials: string; image?: string | undefined; } | null | undefined; dueDate?: string | undefin...'. Two different types with this name exist, but they are unrelated.
  The types of '_options.resolver' are incompatible between these types.
    Type 'import("D:/TaskForge/client/node_modules/react-hook-form/dist/types/resolvers").Resolver<{ title: string; priority: "Completed" | "Urgent" | "High" | "Medium" | "Low"; description?: string | undefined; assignee?: { name: string; initials: string; image?: string | undefined; } | null | undefined; dueDate?: string | u...' is not assignable to type 'import("D:/TaskForge/client/node_modules/react-hook-form/dist/types/resolvers").Resolver<{ title: string; priority: "Completed" | "Urgent" | "High" | "Medium" | "Low"; description?: string | undefined; assignee?: { name: string; initials: string; image?: string | undefined; } | null | undefined; dueDate?: string | u...'. Two different types with this name exist, but they are unrelated.
      Type 'import("D:/TaskForge/client/node_modules/react-hook-form/dist/types/resolvers").Resolver<{ title: string; priority: "Completed" | "Urgent" | "High" | "Medium" | "Low"; description?: string | undefined; assignee?: { name: string; initials: string; image?: string | undefined; } | null | undefined; dueDate?: string | u...' is not assignable to type 'import("D:/TaskForge/client/node_modules/react-hook-form/dist/types/resolvers").Resolver<{ title: string; priority: "Completed" | "Urgent" | "High" | "Medium" | "Low"; description?: string | undefined; assignee?: { name: string; initials: string; image?: string | undefined; } | null | undefined; dueDate?: string | u...'. Two different types with this name exist, but they are unrelated.
        Type 'import("D:/TaskForge/client/node_modules/react-hook-form/dist/types/resolvers").ResolverResult<{ title: string; priority: "Completed" | "Urgent" | "High" | "Medium" | "Low"; description?: string | undefined; assignee?: { name: string; initials: string; image?: string | undefined; } | null | undefined; dueDate?: stri...' is not assignable to type 'import("D:/TaskForge/client/node_modules/react-hook-form/dist/types/resolvers").ResolverResult<{ title: string; priority: "Completed" | "Urgent" | "High" | "Medium" | "Low"; description?: string | undefined; assignee?: { name: string; initials: string; image?: string | undefined; } | null | undefined; dueDate?: stri...'. Two different types with this name exist, but they are unrelated.
          Type 'ResolverSuccess<TFieldValues>' is not assignable to type 'ResolverResult<{ title: string; priority: "Completed" | "Urgent" | "High" | "Medium" | "Low"; description?: string | undefined; assignee?: { name: string; initials: string; image?: string | undefined; } | null | undefined; dueDate?: string | undefined; estimate?: string | undefined; tags?: string[] | undefined; obje...'.
            Type 'ResolverSuccess<TFieldValues>' is not assignable to type 'ResolverSuccess<{ title: string; priority: "Completed" | "Urgent" | "High" | "Medium" | "Low"; description?: string | undefined; assignee?: { name: string; initials: string; image?: string | undefined; } | null | undefined; dueDate?: string | undefined; estimate?: string | undefined; tags?: string[] | undefined; obj...'.
              Type 'TFieldValues' is not assignable to type '{ title: string; priority: "Completed" | "Urgent" | "High" | "Medium" | "Low"; description?: string | undefined; assignee?: { name: string; initials: string; image?: string | undefined; } | null | undefined; dueDate?: string | undefined; estimate?: string | undefined; tags?: string[] | undefined; objectives?: { ...;...'.
                Type 'FieldValues' is missing the following properties from type '{ title: string; priority: "Completed" | "Urgent" | "High" | "Medium" | "Low"; description?: string | undefined; assignee?: { name: string; initials: string; image?: string | undefined; } | null | undefined; dueDate?: string | undefined; estimate?: string | undefined; tags?: string[] | undefined; objectives?: { ...;...': title, priority
src/components/dashboard/TaskForm.tsx(197,19): error TS2719: Type 'import("D:/TaskForge/client/node_modules/react-hook-form/dist/types/form").Control<{ title: string; priority: "Completed" | "Urgent" | "High" | "Medium" | "Low"; description?: string | undefined; assignee?: { name: string; initials: string; image?: string | undefined; } | null | undefined; dueDate?: string | undefin...' is not assignable to type 'import("D:/TaskForge/client/node_modules/react-hook-form/dist/types/form").Control<{ title: string; priority: "Completed" | "Urgent" | "High" | "Medium" | "Low"; description?: string | undefined; assignee?: { name: string; initials: string; image?: string | undefined; } | null | undefined; dueDate?: string | undefin...'. Two different types with this name exist, but they are unrelated.
  The types of '_options.resolver' are incompatible between these types.
    Type 'import("D:/TaskForge/client/node_modules/react-hook-form/dist/types/resolvers").Resolver<{ title: string; priority: "Completed" | "Urgent" | "High" | "Medium" | "Low"; description?: string | undefined; assignee?: { name: string; initials: string; image?: string | undefined; } | null | undefined; dueDate?: string | u...' is not assignable to type 'import("D:/TaskForge/client/node_modules/react-hook-form/dist/types/resolvers").Resolver<{ title: string; priority: "Completed" | "Urgent" | "High" | "Medium" | "Low"; description?: string | undefined; assignee?: { name: string; initials: string; image?: string | undefined; } | null | undefined; dueDate?: string | u...'. Two different types with this name exist, but they are unrelated.
      Type 'import("D:/TaskForge/client/node_modules/react-hook-form/dist/types/resolvers").Resolver<{ title: string; priority: "Completed" | "Urgent" | "High" | "Medium" | "Low"; description?: string | undefined; assignee?: { name: string; initials: string; image?: string | undefined; } | null | undefined; dueDate?: string | u...' is not assignable to type 'import("D:/TaskForge/client/node_modules/react-hook-form/dist/types/resolvers").Resolver<{ title: string; priority: "Completed" | "Urgent" | "High" | "Medium" | "Low"; description?: string | undefined; assignee?: { name: string; initials: string; image?: string | undefined; } | null | undefined; dueDate?: string | u...'. Two different types with this name exist, but they are unrelated.
        Type 'import("D:/TaskForge/client/node_modules/react-hook-form/dist/types/resolvers").ResolverResult<{ title: string; priority: "Completed" | "Urgent" | "High" | "Medium" | "Low"; description?: string | undefined; assignee?: { name: string; initials: string; image?: string | undefined; } | null | undefined; dueDate?: stri...' is not assignable to type 'import("D:/TaskForge/client/node_modules/react-hook-form/dist/types/resolvers").ResolverResult<{ title: string; priority: "Completed" | "Urgent" | "High" | "Medium" | "Low"; description?: string | undefined; assignee?: { name: string; initials: string; image?: string | undefined; } | null | undefined; dueDate?: stri...'. Two different types with this name exist, but they are unrelated.
          Type 'ResolverSuccess<TFieldValues>' is not assignable to type 'ResolverResult<{ title: string; priority: "Completed" | "Urgent" | "High" | "Medium" | "Low"; description?: string | undefined; assignee?: { name: string; initials: string; image?: string | undefined; } | null | undefined; dueDate?: string | undefined; estimate?: string | undefined; tags?: string[] | undefined; obje...'.
            Type 'ResolverSuccess<TFieldValues>' is not assignable to type 'ResolverSuccess<{ title: string; priority: "Completed" | "Urgent" | "High" | "Medium" | "Low"; description?: string | undefined; assignee?: { name: string; initials: string; image?: string | undefined; } | null | undefined; dueDate?: string | undefined; estimate?: string | undefined; tags?: string[] | undefined; obj...'.
              Type 'TFieldValues' is not assignable to type '{ title: string; priority: "Completed" | "Urgent" | "High" | "Medium" | "Low"; description?: string | undefined; assignee?: { name: string; initials: string; image?: string | undefined; } | null | undefined; dueDate?: string | undefined; estimate?: string | undefined; tags?: string[] | undefined; objectives?: { ...;...'.
                Type 'FieldValues' is missing the following properties from type '{ title: string; priority: "Completed" | "Urgent" | "High" | "Medium" | "Low"; description?: string | undefined; assignee?: { name: string; initials: string; image?: string | undefined; } | null | undefined; dueDate?: string | undefined; estimate?: string | undefined; tags?: string[] | undefined; objectives?: { ...;...': title, priority
src/components/dashboard/TaskForm.tsx(219,21): error TS2719: Type 'import("D:/TaskForge/client/node_modules/react-hook-form/dist/types/form").Control<{ title: string; priority: "Completed" | "Urgent" | "High" | "Medium" | "Low"; description?: string | undefined; assignee?: { name: string; initials: string; image?: string | undefined; } | null | undefined; dueDate?: string | undefin...' is not assignable to type 'import("D:/TaskForge/client/node_modules/react-hook-form/dist/types/form").Control<{ title: string; priority: "Completed" | "Urgent" | "High" | "Medium" | "Low"; description?: string | undefined; assignee?: { name: string; initials: string; image?: string | undefined; } | null | undefined; dueDate?: string | undefin...'. Two different types with this name exist, but they are unrelated.
  The types of '_options.resolver' are incompatible between these types.
    Type 'import("D:/TaskForge/client/node_modules/react-hook-form/dist/types/resolvers").Resolver<{ title: string; priority: "Completed" | "Urgent" | "High" | "Medium" | "Low"; description?: string | undefined; assignee?: { name: string; initials: string; image?: string | undefined; } | null | undefined; dueDate?: string | u...' is not assignable to type 'import("D:/TaskForge/client/node_modules/react-hook-form/dist/types/resolvers").Resolver<{ title: string; priority: "Completed" | "Urgent" | "High" | "Medium" | "Low"; description?: string | undefined; assignee?: { name: string; initials: string; image?: string | undefined; } | null | undefined; dueDate?: string | u...'. Two different types with this name exist, but they are unrelated.
      Type 'import("D:/TaskForge/client/node_modules/react-hook-form/dist/types/resolvers").Resolver<{ title: string; priority: "Completed" | "Urgent" | "High" | "Medium" | "Low"; description?: string | undefined; assignee?: { name: string; initials: string; image?: string | undefined; } | null | undefined; dueDate?: string | u...' is not assignable to type 'import("D:/TaskForge/client/node_modules/react-hook-form/dist/types/resolvers").Resolver<{ title: string; priority: "Completed" | "Urgent" | "High" | "Medium" | "Low"; description?: string | undefined; assignee?: { name: string; initials: string; image?: string | undefined; } | null | undefined; dueDate?: string | u...'. Two different types with this name exist, but they are unrelated.
        Type 'import("D:/TaskForge/client/node_modules/react-hook-form/dist/types/resolvers").ResolverResult<{ title: string; priority: "Completed" | "Urgent" | "High" | "Medium" | "Low"; description?: string | undefined; assignee?: { name: string; initials: string; image?: string | undefined; } | null | undefined; dueDate?: stri...' is not assignable to type 'import("D:/TaskForge/client/node_modules/react-hook-form/dist/types/resolvers").ResolverResult<{ title: string; priority: "Completed" | "Urgent" | "High" | "Medium" | "Low"; description?: string | undefined; assignee?: { name: string; initials: string; image?: string | undefined; } | null | undefined; dueDate?: stri...'. Two different types with this name exist, but they are unrelated.
          Type 'ResolverSuccess<TFieldValues>' is not assignable to type 'ResolverResult<{ title: string; priority: "Completed" | "Urgent" | "High" | "Medium" | "Low"; description?: string | undefined; assignee?: { name: string; initials: string; image?: string | undefined; } | null | undefined; dueDate?: string | undefined; estimate?: string | undefined; tags?: string[] | undefined; obje...'.
            Type 'ResolverSuccess<TFieldValues>' is not assignable to type 'ResolverSuccess<{ title: string; priority: "Completed" | "Urgent" | "High" | "Medium" | "Low"; description?: string | undefined; assignee?: { name: string; initials: string; image?: string | undefined; } | null | undefined; dueDate?: string | undefined; estimate?: string | undefined; tags?: string[] | undefined; obj...'.
              Type 'TFieldValues' is not assignable to type '{ title: string; priority: "Completed" | "Urgent" | "High" | "Medium" | "Low"; description?: string | undefined; assignee?: { name: string; initials: string; image?: string | undefined; } | null | undefined; dueDate?: string | undefined; estimate?: string | undefined; tags?: string[] | undefined; objectives?: { ...;...'.
                Type 'FieldValues' is missing the following properties from type '{ title: string; priority: "Completed" | "Urgent" | "High" | "Medium" | "Low"; description?: string | undefined; assignee?: { name: string; initials: string; image?: string | undefined; } | null | undefined; dueDate?: string | undefined; estimate?: string | undefined; tags?: string[] | undefined; objectives?: { ...;...': title, priority
src/components/dashboard/TaskForm.tsx(289,21): error TS2719: Type 'import("D:/TaskForge/client/node_modules/react-hook-form/dist/types/form").Control<{ title: string; priority: "Completed" | "Urgent" | "High" | "Medium" | "Low"; description?: string | undefined; assignee?: { name: string; initials: string; image?: string | undefined; } | null | undefined; dueDate?: string | undefin...' is not assignable to type 'import("D:/TaskForge/client/node_modules/react-hook-form/dist/types/form").Control<{ title: string; priority: "Completed" | "Urgent" | "High" | "Medium" | "Low"; description?: string | undefined; assignee?: { name: string; initials: string; image?: string | undefined; } | null | undefined; dueDate?: string | undefin...'. Two different types with this name exist, but they are unrelated.
  The types of '_options.resolver' are incompatible between these types.
    Type 'import("D:/TaskForge/client/node_modules/react-hook-form/dist/types/resolvers").Resolver<{ title: string; priority: "Completed" | "Urgent" | "High" | "Medium" | "Low"; description?: string | undefined; assignee?: { name: string; initials: string; image?: string | undefined; } | null | undefined; dueDate?: string | u...' is not assignable to type 'import("D:/TaskForge/client/node_modules/react-hook-form/dist/types/resolvers").Resolver<{ title: string; priority: "Completed" | "Urgent" | "High" | "Medium" | "Low"; description?: string | undefined; assignee?: { name: string; initials: string; image?: string | undefined; } | null | undefined; dueDate?: string | u...'. Two different types with this name exist, but they are unrelated.
      Type 'import("D:/TaskForge/client/node_modules/react-hook-form/dist/types/resolvers").Resolver<{ title: string; priority: "Completed" | "Urgent" | "High" | "Medium" | "Low"; description?: string | undefined; assignee?: { name: string; initials: string; image?: string | undefined; } | null | undefined; dueDate?: string | u...' is not assignable to type 'import("D:/TaskForge/client/node_modules/react-hook-form/dist/types/resolvers").Resolver<{ title: string; priority: "Completed" | "Urgent" | "High" | "Medium" | "Low"; description?: string | undefined; assignee?: { name: string; initials: string; image?: string | undefined; } | null | undefined; dueDate?: string | u...'. Two different types with this name exist, but they are unrelated.
        Type 'import("D:/TaskForge/client/node_modules/react-hook-form/dist/types/resolvers").ResolverResult<{ title: string; priority: "Completed" | "Urgent" | "High" | "Medium" | "Low"; description?: string | undefined; assignee?: { name: string; initials: string; image?: string | undefined; } | null | undefined; dueDate?: stri...' is not assignable to type 'import("D:/TaskForge/client/node_modules/react-hook-form/dist/types/resolvers").ResolverResult<{ title: string; priority: "Completed" | "Urgent" | "High" | "Medium" | "Low"; description?: string | undefined; assignee?: { name: string; initials: string; image?: string | undefined; } | null | undefined; dueDate?: stri...'. Two different types with this name exist, but they are unrelated.
          Type 'ResolverSuccess<TFieldValues>' is not assignable to type 'ResolverResult<{ title: string; priority: "Completed" | "Urgent" | "High" | "Medium" | "Low"; description?: string | undefined; assignee?: { name: string; initials: string; image?: string | undefined; } | null | undefined; dueDate?: string | undefined; estimate?: string | undefined; tags?: string[] | undefined; obje...'.
            Type 'ResolverSuccess<TFieldValues>' is not assignable to type 'ResolverSuccess<{ title: string; priority: "Completed" | "Urgent" | "High" | "Medium" | "Low"; description?: string | undefined; assignee?: { name: string; initials: string; image?: string | undefined; } | null | undefined; dueDate?: string | undefined; estimate?: string | undefined; tags?: string[] | undefined; obj...'.
              Type 'TFieldValues' is not assignable to type '{ title: string; priority: "Completed" | "Urgent" | "High" | "Medium" | "Low"; description?: string | undefined; assignee?: { name: string; initials: string; image?: string | undefined; } | null | undefined; dueDate?: string | undefined; estimate?: string | undefined; tags?: string[] | undefined; objectives?: { ...;...'.
                Type 'FieldValues' is missing the following properties from type '{ title: string; priority: "Completed" | "Urgent" | "High" | "Medium" | "Low"; description?: string | undefined; assignee?: { name: string; initials: string; image?: string | undefined; } | null | undefined; dueDate?: string | undefined; estimate?: string | undefined; tags?: string[] | undefined; objectives?: { ...;...': title, priority
src/components/dashboard/TaskForm.tsx(361,19): error TS2719: Type 'import("D:/TaskForge/client/node_modules/react-hook-form/dist/types/form").Control<{ title: string; priority: "Completed" | "Urgent" | "High" | "Medium" | "Low"; description?: string | undefined; assignee?: { name: string; initials: string; image?: string | undefined; } | null | undefined; dueDate?: string | undefin...' is not assignable to type 'import("D:/TaskForge/client/node_modules/react-hook-form/dist/types/form").Control<{ title: string; priority: "Completed" | "Urgent" | "High" | "Medium" | "Low"; description?: string | undefined; assignee?: { name: string; initials: string; image?: string | undefined; } | null | undefined; dueDate?: string | undefin...'. Two different types with this name exist, but they are unrelated.
  The types of '_options.resolver' are incompatible between these types.
    Type 'import("D:/TaskForge/client/node_modules/react-hook-form/dist/types/resolvers").Resolver<{ title: string; priority: "Completed" | "Urgent" | "High" | "Medium" | "Low"; description?: string | undefined; assignee?: { name: string; initials: string; image?: string | undefined; } | null | undefined; dueDate?: string | u...' is not assignable to type 'import("D:/TaskForge/client/node_modules/react-hook-form/dist/types/resolvers").Resolver<{ title: string; priority: "Completed" | "Urgent" | "High" | "Medium" | "Low"; description?: string | undefined; assignee?: { name: string; initials: string; image?: string | undefined; } | null | undefined; dueDate?: string | u...'. Two different types with this name exist, but they are unrelated.
      Type 'import("D:/TaskForge/client/node_modules/react-hook-form/dist/types/resolvers").Resolver<{ title: string; priority: "Completed" | "Urgent" | "High" | "Medium" | "Low"; description?: string | undefined; assignee?: { name: string; initials: string; image?: string | undefined; } | null | undefined; dueDate?: string | u...' is not assignable to type 'import("D:/TaskForge/client/node_modules/react-hook-form/dist/types/resolvers").Resolver<{ title: string; priority: "Completed" | "Urgent" | "High" | "Medium" | "Low"; description?: string | undefined; assignee?: { name: string; initials: string; image?: string | undefined; } | null | undefined; dueDate?: string | u...'. Two different types with this name exist, but they are unrelated.
        Type 'import("D:/TaskForge/client/node_modules/react-hook-form/dist/types/resolvers").ResolverResult<{ title: string; priority: "Completed" | "Urgent" | "High" | "Medium" | "Low"; description?: string | undefined; assignee?: { name: string; initials: string; image?: string | undefined; } | null | undefined; dueDate?: stri...' is not assignable to type 'import("D:/TaskForge/client/node_modules/react-hook-form/dist/types/resolvers").ResolverResult<{ title: string; priority: "Completed" | "Urgent" | "High" | "Medium" | "Low"; description?: string | undefined; assignee?: { name: string; initials: string; image?: string | undefined; } | null | undefined; dueDate?: stri...'. Two different types with this name exist, but they are unrelated.
          Type 'ResolverSuccess<TFieldValues>' is not assignable to type 'ResolverResult<{ title: string; priority: "Completed" | "Urgent" | "High" | "Medium" | "Low"; description?: string | undefined; assignee?: { name: string; initials: string; image?: string | undefined; } | null | undefined; dueDate?: string | undefined; estimate?: string | undefined; tags?: string[] | undefined; obje...'.
            Type 'ResolverSuccess<TFieldValues>' is not assignable to type 'ResolverSuccess<{ title: string; priority: "Completed" | "Urgent" | "High" | "Medium" | "Low"; description?: string | undefined; assignee?: { name: string; initials: string; image?: string | undefined; } | null | undefined; dueDate?: string | undefined; estimate?: string | undefined; tags?: string[] | undefined; obj...'.
              Type 'TFieldValues' is not assignable to type '{ title: string; priority: "Completed" | "Urgent" | "High" | "Medium" | "Low"; description?: string | undefined; assignee?: { name: string; initials: string; image?: string | undefined; } | null | undefined; dueDate?: string | undefined; estimate?: string | undefined; tags?: string[] | undefined; objectives?: { ...;...'.
                Type 'FieldValues' is missing the following properties from type '{ title: string; priority: "Completed" | "Urgent" | "High" | "Medium" | "Low"; description?: string | undefined; assignee?: { name: string; initials: string; image?: string | undefined; } | null | undefined; dueDate?: string | undefined; estimate?: string | undefined; tags?: string[] | undefined; objectives?: { ...;...': title, priority
src/components/dashboard/TaskForm.tsx(448,21): error TS2719: Type 'import("D:/TaskForge/client/node_modules/react-hook-form/dist/types/form").Control<{ title: string; priority: "Completed" | "Urgent" | "High" | "Medium" | "Low"; description?: string | undefined; assignee?: { name: string; initials: string; image?: string | undefined; } | null | undefined; dueDate?: string | undefin...' is not assignable to type 'import("D:/TaskForge/client/node_modules/react-hook-form/dist/types/form").Control<{ title: string; priority: "Completed" | "Urgent" | "High" | "Medium" | "Low"; description?: string | undefined; assignee?: { name: string; initials: string; image?: string | undefined; } | null | undefined; dueDate?: string | undefin...'. Two different types with this name exist, but they are unrelated.
  The types of '_options.resolver' are incompatible between these types.
    Type 'import("D:/TaskForge/client/node_modules/react-hook-form/dist/types/resolvers").Resolver<{ title: string; priority: "Completed" | "Urgent" | "High" | "Medium" | "Low"; description?: string | undefined; assignee?: { name: string; initials: string; image?: string | undefined; } | null | undefined; dueDate?: string | u...' is not assignable to type 'import("D:/TaskForge/client/node_modules/react-hook-form/dist/types/resolvers").Resolver<{ title: string; priority: "Completed" | "Urgent" | "High" | "Medium" | "Low"; description?: string | undefined; assignee?: { name: string; initials: string; image?: string | undefined; } | null | undefined; dueDate?: string | u...'. Two different types with this name exist, but they are unrelated.
      Type 'import("D:/TaskForge/client/node_modules/react-hook-form/dist/types/resolvers").Resolver<{ title: string; priority: "Completed" | "Urgent" | "High" | "Medium" | "Low"; description?: string | undefined; assignee?: { name: string; initials: string; image?: string | undefined; } | null | undefined; dueDate?: string | u...' is not assignable to type 'import("D:/TaskForge/client/node_modules/react-hook-form/dist/types/resolvers").Resolver<{ title: string; priority: "Completed" | "Urgent" | "High" | "Medium" | "Low"; description?: string | undefined; assignee?: { name: string; initials: string; image?: string | undefined; } | null | undefined; dueDate?: string | u...'. Two different types with this name exist, but they are unrelated.
        Type 'import("D:/TaskForge/client/node_modules/react-hook-form/dist/types/resolvers").ResolverResult<{ title: string; priority: "Completed" | "Urgent" | "High" | "Medium" | "Low"; description?: string | undefined; assignee?: { name: string; initials: string; image?: string | undefined; } | null | undefined; dueDate?: stri...' is not assignable to type 'import("D:/TaskForge/client/node_modules/react-hook-form/dist/types/resolvers").ResolverResult<{ title: string; priority: "Completed" | "Urgent" | "High" | "Medium" | "Low"; description?: string | undefined; assignee?: { name: string; initials: string; image?: string | undefined; } | null | undefined; dueDate?: stri...'. Two different types with this name exist, but they are unrelated.
          Type 'ResolverSuccess<TFieldValues>' is not assignable to type 'ResolverResult<{ title: string; priority: "Completed" | "Urgent" | "High" | "Medium" | "Low"; description?: string | undefined; assignee?: { name: string; initials: string; image?: string | undefined; } | null | undefined; dueDate?: string | undefined; estimate?: string | undefined; tags?: string[] | undefined; obje...'.
            Type 'ResolverSuccess<TFieldValues>' is not assignable to type 'ResolverSuccess<{ title: string; priority: "Completed" | "Urgent" | "High" | "Medium" | "Low"; description?: string | undefined; assignee?: { name: string; initials: string; image?: string | undefined; } | null | undefined; dueDate?: string | undefined; estimate?: string | undefined; tags?: string[] | undefined; obj...'.
              Type 'TFieldValues' is not assignable to type '{ title: string; priority: "Completed" | "Urgent" | "High" | "Medium" | "Low"; description?: string | undefined; assignee?: { name: string; initials: string; image?: string | undefined; } | null | undefined; dueDate?: string | undefined; estimate?: string | undefined; tags?: string[] | undefined; objectives?: { ...;...'.
                Type 'FieldValues' is missing the following properties from type '{ title: string; priority: "Completed" | "Urgent" | "High" | "Medium" | "Low"; description?: string | undefined; assignee?: { name: string; initials: string; image?: string | undefined; } | null | undefined; dueDate?: string | undefined; estimate?: string | undefined; tags?: string[] | undefined; objectives?: { ...;...': title, priority
src/components/dashboard/TaskForm.tsx(469,21): error TS2719: Type 'import("D:/TaskForge/client/node_modules/react-hook-form/dist/types/form").Control<{ title: string; priority: "Completed" | "Urgent" | "High" | "Medium" | "Low"; description?: string | undefined; assignee?: { name: string; initials: string; image?: string | undefined; } | null | undefined; dueDate?: string | undefin...' is not assignable to type 'import("D:/TaskForge/client/node_modules/react-hook-form/dist/types/form").Control<{ title: string; priority: "Completed" | "Urgent" | "High" | "Medium" | "Low"; description?: string | undefined; assignee?: { name: string; initials: string; image?: string | undefined; } | null | undefined; dueDate?: string | undefin...'. Two different types with this name exist, but they are unrelated.
  The types of '_options.resolver' are incompatible between these types.
    Type 'import("D:/TaskForge/client/node_modules/react-hook-form/dist/types/resolvers").Resolver<{ title: string; priority: "Completed" | "Urgent" | "High" | "Medium" | "Low"; description?: string | undefined; assignee?: { name: string; initials: string; image?: string | undefined; } | null | undefined; dueDate?: string | u...' is not assignable to type 'import("D:/TaskForge/client/node_modules/react-hook-form/dist/types/resolvers").Resolver<{ title: string; priority: "Completed" | "Urgent" | "High" | "Medium" | "Low"; description?: string | undefined; assignee?: { name: string; initials: string; image?: string | undefined; } | null | undefined; dueDate?: string | u...'. Two different types with this name exist, but they are unrelated.
      Type 'import("D:/TaskForge/client/node_modules/react-hook-form/dist/types/resolvers").Resolver<{ title: string; priority: "Completed" | "Urgent" | "High" | "Medium" | "Low"; description?: string | undefined; assignee?: { name: string; initials: string; image?: string | undefined; } | null | undefined; dueDate?: string | u...' is not assignable to type 'import("D:/TaskForge/client/node_modules/react-hook-form/dist/types/resolvers").Resolver<{ title: string; priority: "Completed" | "Urgent" | "High" | "Medium" | "Low"; description?: string | undefined; assignee?: { name: string; initials: string; image?: string | undefined; } | null | undefined; dueDate?: string | u...'. Two different types with this name exist, but they are unrelated.
        Type 'import("D:/TaskForge/client/node_modules/react-hook-form/dist/types/resolvers").ResolverResult<{ title: string; priority: "Completed" | "Urgent" | "High" | "Medium" | "Low"; description?: string | undefined; assignee?: { name: string; initials: string; image?: string | undefined; } | null | undefined; dueDate?: stri...' is not assignable to type 'import("D:/TaskForge/client/node_modules/react-hook-form/dist/types/resolvers").ResolverResult<{ title: string; priority: "Completed" | "Urgent" | "High" | "Medium" | "Low"; description?: string | undefined; assignee?: { name: string; initials: string; image?: string | undefined; } | null | undefined; dueDate?: stri...'. Two different types with this name exist, but they are unrelated.
          Type 'ResolverSuccess<TFieldValues>' is not assignable to type 'ResolverResult<{ title: string; priority: "Completed" | "Urgent" | "High" | "Medium" | "Low"; description?: string | undefined; assignee?: { name: string; initials: string; image?: string | undefined; } | null | undefined; dueDate?: string | undefined; estimate?: string | undefined; tags?: string[] | undefined; obje...'.
            Type 'ResolverSuccess<TFieldValues>' is not assignable to type 'ResolverSuccess<{ title: string; priority: "Completed" | "Urgent" | "High" | "Medium" | "Low"; description?: string | undefined; assignee?: { name: string; initials: string; image?: string | undefined; } | null | undefined; dueDate?: string | undefined; estimate?: string | undefined; tags?: string[] | undefined; obj...'.
              Type 'TFieldValues' is not assignable to type '{ title: string; priority: "Completed" | "Urgent" | "High" | "Medium" | "Low"; description?: string | undefined; assignee?: { name: string; initials: string; image?: string | undefined; } | null | undefined; dueDate?: string | undefined; estimate?: string | undefined; tags?: string[] | undefined; objectives?: { ...;...'.
                Type 'FieldValues' is missing the following properties from type '{ title: string; priority: "Completed" | "Urgent" | "High" | "Medium" | "Low"; description?: string | undefined; assignee?: { name: string; initials: string; image?: string | undefined; } | null | undefined; dueDate?: string | undefined; estimate?: string | undefined; tags?: string[] | undefined; objectives?: { ...;...': title, priority
src/components/dashboard/TaskForm.tsx(493,19): error TS2719: Type 'import("D:/TaskForge/client/node_modules/react-hook-form/dist/types/form").Control<{ title: string; priority: "Completed" | "Urgent" | "High" | "Medium" | "Low"; description?: string | undefined; assignee?: { name: string; initials: string; image?: string | undefined; } | null | undefined; dueDate?: string | undefin...' is not assignable to type 'import("D:/TaskForge/client/node_modules/react-hook-form/dist/types/form").Control<{ title: string; priority: "Completed" | "Urgent" | "High" | "Medium" | "Low"; description?: string | undefined; assignee?: { name: string; initials: string; image?: string | undefined; } | null | undefined; dueDate?: string | undefin...'. Two different types with this name exist, but they are unrelated.
  The types of '_options.resolver' are incompatible between these types.
    Type 'import("D:/TaskForge/client/node_modules/react-hook-form/dist/types/resolvers").Resolver<{ title: string; priority: "Completed" | "Urgent" | "High" | "Medium" | "Low"; description?: string | undefined; assignee?: { name: string; initials: string; image?: string | undefined; } | null | undefined; dueDate?: string | u...' is not assignable to type 'import("D:/TaskForge/client/node_modules/react-hook-form/dist/types/resolvers").Resolver<{ title: string; priority: "Completed" | "Urgent" | "High" | "Medium" | "Low"; description?: string | undefined; assignee?: { name: string; initials: string; image?: string | undefined; } | null | undefined; dueDate?: string | u...'. Two different types with this name exist, but they are unrelated.
      Type 'import("D:/TaskForge/client/node_modules/react-hook-form/dist/types/resolvers").Resolver<{ title: string; priority: "Completed" | "Urgent" | "High" | "Medium" | "Low"; description?: string | undefined; assignee?: { name: string; initials: string; image?: string | undefined; } | null | undefined; dueDate?: string | u...' is not assignable to type 'import("D:/TaskForge/client/node_modules/react-hook-form/dist/types/resolvers").Resolver<{ title: string; priority: "Completed" | "Urgent" | "High" | "Medium" | "Low"; description?: string | undefined; assignee?: { name: string; initials: string; image?: string | undefined; } | null | undefined; dueDate?: string | u...'. Two different types with this name exist, but they are unrelated.
        Type 'import("D:/TaskForge/client/node_modules/react-hook-form/dist/types/resolvers").ResolverResult<{ title: string; priority: "Completed" | "Urgent" | "High" | "Medium" | "Low"; description?: string | undefined; assignee?: { name: string; initials: string; image?: string | undefined; } | null | undefined; dueDate?: stri...' is not assignable to type 'import("D:/TaskForge/client/node_modules/react-hook-form/dist/types/resolvers").ResolverResult<{ title: string; priority: "Completed" | "Urgent" | "High" | "Medium" | "Low"; description?: string | undefined; assignee?: { name: string; initials: string; image?: string | undefined; } | null | undefined; dueDate?: stri...'. Two different types with this name exist, but they are unrelated.
          Type 'ResolverSuccess<TFieldValues>' is not assignable to type 'ResolverResult<{ title: string; priority: "Completed" | "Urgent" | "High" | "Medium" | "Low"; description?: string | undefined; assignee?: { name: string; initials: string; image?: string | undefined; } | null | undefined; dueDate?: string | undefined; estimate?: string | undefined; tags?: string[] | undefined; obje...'.
            Type 'ResolverSuccess<TFieldValues>' is not assignable to type 'ResolverSuccess<{ title: string; priority: "Completed" | "Urgent" | "High" | "Medium" | "Low"; description?: string | undefined; assignee?: { name: string; initials: string; image?: string | undefined; } | null | undefined; dueDate?: string | undefined; estimate?: string | undefined; tags?: string[] | undefined; obj...'.
              Type 'TFieldValues' is not assignable to type '{ title: string; priority: "Completed" | "Urgent" | "High" | "Medium" | "Low"; description?: string | undefined; assignee?: { name: string; initials: string; image?: string | undefined; } | null | undefined; dueDate?: string | undefined; estimate?: string | undefined; tags?: string[] | undefined; objectives?: { ...;...'.
                Type 'FieldValues' is missing the following properties from type '{ title: string; priority: "Completed" | "Urgent" | "High" | "Medium" | "Low"; description?: string | undefined; assignee?: { name: string; initials: string; image?: string | undefined; } | null | undefined; dueDate?: string | undefined; estimate?: string | undefined; tags?: string[] | undefined; objectives?: { ...;...': title, priority
src/lib/schemas.ts(25,13): error TS2769: No overload matches this call.
  Overload 1 of 2, '(values: readonly ["On Track", "At Risk", "Delayed", "Completed"], params?: string | { error?: string | $ZodErrorMap<$ZodIssueInvalidValue<unknown>> | undefined; message?: string | undefined; } | undefined): ZodEnum<...>', gave the following error.
    Object literal may only specify known properties, and 'required_error' does not exist in type '{ error?: string | $ZodErrorMap<$ZodIssueInvalidValue<unknown>> | undefined; message?: string | undefined; }'.
  Overload 2 of 2, '(entries: Readonly<Record<string, EnumValue>>, params?: string | { error?: string | $ZodErrorMap<$ZodIssueInvalidValue<unknown>> | undefined; message?: string | undefined; } | undefined): ZodEnum<...>', gave the following error.
    Argument of type 'string[]' is not assignable to parameter of type 'Readonly<Record<string, EnumValue>>'.
      Index signature for type 'string' is missing in type 'string[]'.
src/pages/ProjectDetailsPage.tsx(35,9): error TS2741: Property 'name' is missing in type '{ initials: string; image: string; }' but required in type 'Assignee'.
src/pages/ProjectDetailsPage.tsx(43,9): error TS2741: Property 'name' is missing in type '{ initials: string; image: string; }' but required in type 'Assignee'.
src/pages/ProjectDetailsPage.tsx(60,9): error TS2741: Property 'name' is missing in type '{ initials: string; image: string; }' but required in type 'Assignee'.
src/pages/ProjectDetailsPage.tsx(68,9): error TS2741: Property 'name' is missing in type '{ initials: string; image: string; }' but required in type 'Assignee'.
src/pages/ProjectDetailsPage.tsx(83,9): error TS2741: Property 'name' is missing in type '{ initials: string; image: string; }' but required in type 'Assignee'.
src/pages/ProjectDetailsPage.tsx(91,9): error TS2741: Property 'name' is missing in type '{ initials: string; image: string; }' but required in type 'Assignee'.
src/pages/ProjectDetailsPage.tsx(106,9): error TS2741: Property 'name' is missing in type '{ initials: string; image: string; }' but required in type 'Assignee'.
src/pages/ProjectDetailsPage.tsx(114,9): error TS2741: Property 'name' is missing in type '{ initials: string; image: string; }' but required in type 'Assignee'.
